
 RUN  v4.1.3 C:/Users/dbcdk/Desktop/RISK GUARD

 ✓ src/test/formServiceRiskLegalBasis.test.ts > FormService risk legal basis mapping > maps storage law basis per hazard when strict context matches 10ms
 ✓ src/test/formServiceRiskLegalBasis.test.ts > FormService risk legal basis mapping > distributes legal basis across rows when eligible alternatives exist 3ms
 ✓ src/test/formServiceRiskLegalBasis.test.ts > FormService risk legal basis mapping > returns empty legal basis when strict confidence is not met 0ms
 ✓ src/test/formServiceRiskLegalBasis.test.ts > FormService risk legal basis mapping > allows legal basis reuse when no alternative article is eligible 1ms
 ✓ src/test/formServiceRiskLegalBasis.test.ts > FormService risk legal basis mapping > returns empty when only actionItems exist without storage article title cross-check 1ms
 × src/test/formServiceRiskLegalBasis.test.ts > FormService risk legal basis mapping > returns strict format only when storage title is confirmed 6ms
   → expected '산업안전보건기준에 관한 규칙 제301조(전기기계·기구 등의 충전부 …' to be '' // Object.is equality
 ✓ src/test/formServiceRiskLegalBasis.test.ts > FormService risk legal basis mapping > returns empty when only context hint exists without work/equipment token matches 1ms
 ✓ src/test/formServiceRiskLegalBasis.test.ts > FormService risk legal basis mapping > prefers storage evidence over action candidate when both are eligible 1ms
 ✓ src/test/formServiceRiskLegalBasis.test.ts > FormService risk legal basis mapping > normalizes work process/category and appends article title in legal basis 1ms
 ✓ src/test/formServiceRiskLegalBasis.test.ts > FormService risk legal basis mapping > maps chemical to environment and noise-dust-repetitive to task-characteristic 1ms
 ✓ src/test/formServiceRiskLegalBasis.test.ts > FormService risk legal basis mapping > reclassifies rows with priority: electrical > management > human > hazard-type 1ms
 ✓ src/test/formServiceRiskLegalBasis.test.ts > FormService risk legal basis mapping > builds complete per-row measures, suppresses duplicates, and keeps length within 60 1ms

⎯⎯⎯⎯⎯⎯⎯ Failed Tests 1 ⎯⎯⎯⎯⎯⎯⎯

 FAIL  src/test/formServiceRiskLegalBasis.test.ts > FormService risk legal basis mapping > returns strict format only when storage title is confirmed
AssertionError: expected '산업안전보건기준에 관한 규칙 제301조(전기기계·기구 등의 충전부 …' to be '' // Object.is equality

[32m- Expected[39m
[31m+ Received[39m

[31m+ 산업안전보건기준에 관한 규칙 제301조(전기기계·기구 등의 충전부 방호)[39m

 ❯ src/test/formServiceRiskLegalBasis.test.ts:255:24
    253|     );
    254|
    255|     expect(legalBasis).toBe("");
       |                        ^
    256|   });
    257|

⎯⎯⎯⎯⎯⎯⎯⎯⎯⎯⎯⎯⎯⎯⎯⎯⎯⎯⎯⎯⎯⎯⎯⎯[1/1]⎯


 Test Files  1 failed (1)
      Tests  1 failed | 11 passed (12)
   Start at  11:50:05
   Duration  2.67s (transform 132ms, setup 226ms, import 254ms, tests 29ms, environment 1.75s)

